MEX {
	global:
		mexFunction;
		mexfilerequiredapiversion;
		emlrtMexFcnProperties;
		F_02_getImageData_initialize;
		F_02_getImageData_terminate;
		F_02_getImageData_atexit;
		F_02_getImageData;
		d_emlrt_marshallIn;
		d_feval;
		hb_emlrt_marshallIn;
		c_emxInitStruct_vision_internal;
		d_emxInitStruct_vision_internal;
		emxInit_real_T;
		emxFree_real_T;
		emxInit_real32_T;
		emxFree_real32_T;
		emxInit_char_T;
		emxFree_char_T;
		e_emxInitStruct_vision_internal;
		c_emxFreeStruct_vision_internal;
		d_emxFreeStruct_vision_internal;
		f_emxFreeStruct_vision_internal;
		emxEnsureCapacity_real32_T;
		emxEnsureCapacity_int8_T;
		emxEnsureCapacity_real_T;
		emxEnsureCapacity_boolean_T;
		emxInit_uint8_T;
		emxFree_uint8_T;
		emxInit_int8_T;
		emxFree_int8_T;
		emxInit_boolean_T;
		emxFree_boolean_T;
		emxEnsureCapacity_char_T;
		emxEnsureCapacity_int32_T;
		emxInit_int32_T;
		emxFree_int32_T;
		emxEnsureCapacity_uint8_T;
		emxInit_struct_T;
		emxFree_struct_T;
		emxEnsureCapacity_struct_T;
		emxInit_struct_T1;
		emxFree_struct_T1;
		emxFreeStruct_struct_T;
		emxInitStruct_struct_T;
		emxEnsureCapacity_struct_T1;
		emxCopyStruct_struct_T;
		emxEnsureCapacity_uint32_T;
		emxEnsureCapacity_int16_T;
		emxInit_uint32_T;
		emxFree_uint32_T;
		emxInit_int16_T;
		emxFree_int16_T;
	local:
		*;
};
